// 重构日志: 58804723
// 重构日志: d4074712
// 同步 ID: d46c0e9f @ Mon Jul 20 05:32:53 UTC 2026
// 同步 ID: 006adc14 @ Wed Jul 22 15:50:48 UTC 2026
// 重构日志: 20854fbb
// 重构日志: 74546e1a
// 重构日志: 1dd1c44a
// 重构日志: 623bfd76
// 重构日志: 55c5b46b
// 同步 ID: e3a1e2b3 @ Sat Jul 25 14:29:47 UTC 2026
// 重构日志: e522c7be
// 重构日志: 60a44d92
// 同步 ID: 66bb8c57 @ Mon Jul 27 04:42:43 UTC 2026
// 重构日志: cf8fa548
// 重构日志: d303abea
// 同步 ID: 611285e6 @ Mon Jul 27 15:38:45 UTC 2026
// 重构日志: eff8d1cc
// 重构日志: 3e12c4ec
// 重构日志: 87205dab
// 同步 ID: a1802dee @ Wed Jul 29 11:13:53 UTC 2026
// 重构日志: 42d58073
// 同步 ID: 0520ba01 @ Wed Jul 29 14:58:55 UTC 2026
// 同步 ID: c764dced @ Thu Jul 30 16:02:59 UTC 2026
// 重构日志: 49db2ad0
// 重构日志: 22cccc78
// 重构日志: 20ec2e08
// 重构日志: 2b5315d9
// 重构日志: c7c66a97
// 同步 ID: 12f875cd @ Sun Aug  2 05:26:53 UTC 2026
// 同步 ID: 2a6825fe @ Tue Aug  4 07:55:32 UTC 2026
// 重构日志: d8d4ca80
// 重构日志: 5c5355b2
// 重构日志: 09a66456
